// Jest Snapshot v1, https://goo.gl/fbAQLP

exports[`Index page Matches snapshot 1`] = `
[
  <header>
    <div
      className="topBarSpacer"
    />
    <nav
      className="section"
    >
      <div
        className="topbar container"
      >
        <img
          alt="To home"
          data-nimg="1"
          decoding="async"
          height={30}
          href="/"
          loading="lazy"
          onClick={[Function]}
          onError={[Function]}
          onLoad={[Function]}
          onMouseEnter={[Function]}
          onTouchStart={[Function]}
          src="/_next/image?url=%2Ffavicon-48x48.png&w=64&q=75"
          srcSet="/_next/image?url=%2Ffavicon-48x48.png&w=32&q=75 1x, /_next/image?url=%2Ffavicon-48x48.png&w=64&q=75 2x"
          style={
            {
              "color": "transparent",
            }
          }
          width={30}
        />
        <div
          aria-label="Open menu"
          className="hamburger"
          onClick={[Function]}
          role="button"
        >
          <span
            className="part"
          />
          <span
            className="part"
          />
          <span
            className="part"
          />
        </div>
      </div>
      <div
        className="content null container"
      >
        <ul
          className="list"
        >
          <li
            className="listItem"
          >
            <a
              href="/letter/a"
              onClick={[Function]}
              onMouseEnter={[Function]}
              onTouchStart={[Function]}
            >
              a
            </a>
          </li>
          <li
            className="listItem"
          >
            <a
              href="/letter/b"
              onClick={[Function]}
              onMouseEnter={[Function]}
              onTouchStart={[Function]}
            >
              b
            </a>
          </li>
          <li
            className="listItem"
          >
            <a
              href="/letter/c"
              onClick={[Function]}
              onMouseEnter={[Function]}
              onTouchStart={[Function]}
            >
              c
            </a>
          </li>
          <li
            className="listItem"
          >
            <a
              href="/letter/d"
              onClick={[Function]}
              onMouseEnter={[Function]}
              onTouchStart={[Function]}
            >
              d
            </a>
          </li>
          <li
            className="listItem"
          >
            <a
              href="/letter/e"
              onClick={[Function]}
              onMouseEnter={[Function]}
              onTouchStart={[Function]}
            >
              e
            </a>
          </li>
          <li
            className="listItem"
          >
            <a
              href="/letter/f"
              onClick={[Function]}
              onMouseEnter={[Function]}
              onTouchStart={[Function]}
            >
              f
            </a>
          </li>
          <li
            className="listItem"
          >
            <a
              href="/letter/g"
              onClick={[Function]}
              onMouseEnter={[Function]}
              onTouchStart={[Function]}
            >
              g
            </a>
          </li>
          <li
            className="listItem"
          >
            <a
              href="/letter/h"
              onClick={[Function]}
              onMouseEnter={[Function]}
              onTouchStart={[Function]}
            >
              h
            </a>
          </li>
          <li
            className="listItem"
          >
            <a
              href="/letter/i"
              onClick={[Function]}
              onMouseEnter={[Function]}
              onTouchStart={[Function]}
            >
              i
            </a>
          </li>
          <li
            className="listItem"
          >
            <a
              href="/letter/j"
              onClick={[Function]}
              onMouseEnter={[Function]}
              onTouchStart={[Function]}
            >
              j
            </a>
          </li>
          <li
            className="listItem"
          >
            <a
              href="/letter/k"
              onClick={[Function]}
              onMouseEnter={[Function]}
              onTouchStart={[Function]}
            >
              k
            </a>
          </li>
          <li
            className="listItem"
          >
            <a
              href="/letter/l"
              onClick={[Function]}
              onMouseEnter={[Function]}
              onTouchStart={[Function]}
            >
              l
            </a>
          </li>
          <li
            className="listItem"
          >
            <a
              href="/letter/m"
              onClick={[Function]}
              onMouseEnter={[Function]}
              onTouchStart={[Function]}
            >
              m
            </a>
          </li>
          <li
            className="listItem"
          >
            <a
              href="/letter/n"
              onClick={[Function]}
              onMouseEnter={[Function]}
              onTouchStart={[Function]}
            >
              n
            </a>
          </li>
          <li
            className="listItem"
          >
            <a
              href="/letter/o"
              onClick={[Function]}
              onMouseEnter={[Function]}
              onTouchStart={[Function]}
            >
              o
            </a>
          </li>
          <li
            className="listItem"
          >
            <a
              href="/letter/p"
              onClick={[Function]}
              onMouseEnter={[Function]}
              onTouchStart={[Function]}
            >
              p
            </a>
          </li>
          <li
            className="listItem"
          >
            <a
              href="/letter/q"
              onClick={[Function]}
              onMouseEnter={[Function]}
              onTouchStart={[Function]}
            >
              q
            </a>
          </li>
          <li
            className="listItem"
          >
            <a
              href="/letter/r"
              onClick={[Function]}
              onMouseEnter={[Function]}
              onTouchStart={[Function]}
            >
              r
            </a>
          </li>
          <li
            className="listItem"
          >
            <a
              href="/letter/s"
              onClick={[Function]}
              onMouseEnter={[Function]}
              onTouchStart={[Function]}
            >
              s
            </a>
          </li>
          <li
            className="listItem"
          >
            <a
              href="/letter/t"
              onClick={[Function]}
              onMouseEnter={[Function]}
              onTouchStart={[Function]}
            >
              t
            </a>
          </li>
          <li
            className="listItem"
          >
            <a
              href="/letter/u"
              onClick={[Function]}
              onMouseEnter={[Function]}
              onTouchStart={[Function]}
            >
              u
            </a>
          </li>
          <li
            className="listItem"
          >
            <a
              href="/letter/v"
              onClick={[Function]}
              onMouseEnter={[Function]}
              onTouchStart={[Function]}
            >
              v
            </a>
          </li>
          <li
            className="listItem"
          >
            <a
              href="/letter/y"
              onClick={[Function]}
              onMouseEnter={[Function]}
              onTouchStart={[Function]}
            >
              y
            </a>
          </li>
          <li
            className="listItem"
          >
            <a
              href="/letter/ae"
              onClick={[Function]}
              onMouseEnter={[Function]}
              onTouchStart={[Function]}
            >
              ä
            </a>
          </li>
          <li
            className="listItem"
          >
            <a
              href="/letter/oe"
              onClick={[Function]}
              onMouseEnter={[Function]}
              onTouchStart={[Function]}
            >
              ö
            </a>
          </li>
          <li
            className="listItem"
          >
            <a
              href="/letter/th"
              onClick={[Function]}
              onMouseEnter={[Function]}
              onTouchStart={[Function]}
            >
              þ
            </a>
          </li>
        </ul>
        <form
          className="form"
          onSubmit={[Function]}
        >
          <input
            aria-label="Search"
            className="input"
            name="search"
            onChange={[Function]}
            type="search"
            value=""
          />
          <button
            className="button button--secondary button--no-margs"
            name="submit"
            type="submit"
          >
            Search
          </button>
        </form>
      </div>
    </nav>
    <nav
      className="section"
    >
      <div
        className="container"
      >
        <a
          href="/"
          onClick={[Function]}
          onMouseEnter={[Function]}
          onTouchStart={[Function]}
        >
          Old Swedish Dictionary
        </a>
        <script
          dangerouslySetInnerHTML={
            {
              "__html": "{"@context":"https://schema.org/","@type":"BreadcrumbList","itemListElement":[{"@type":"ListItem","position":1,"name":"Old Swedish Dictionary","item":"undefined/"}]}",
            }
          }
          type="application/ld+json"
        />
      </div>
    </nav>
  </header>,
  <main
    className="container"
  >
    <section
      className="section"
    >
      <h1
        className="h2"
      >
        Old Swedish Dictionary
      </h1>
      <p>
        Online version of the "
        <em>
          Ordbok Öfver svenska medeltids-språket
        </em>
        ", the dictionary of Medieval Swedish by K.F Söderwall.
      </p>
      <p>
        The dictionary contains over 40 000 translations from Old Swedish to Swedish. This is the largest dictionary of the language.
      </p>
      <a
        href="/search"
        onClick={[Function]}
        onMouseEnter={[Function]}
        onTouchStart={[Function]}
      >
        Search the dictionary
      </a>
    </section>
    <section
      className="section"
    >
      <h2
        className="h3"
      >
        What is Old Swedish?
      </h2>
      <p>
        Old Swedish was a language spoken in Sweden (and Finland) from 1225 to 1526. It is the middle stage between Old East Norse (language of the Vikings) and modern Swedish.
      </p>
      <p>
        Early Old Swedish was markedly different from modern Sweden: it had a more complex case structure and also still had the original Germanic three-gender system. Nouns, adjectives, pronouns and certain numerals were inflected in four cases.
      </p>
    </section>
    <div
      aria-label="Back to top"
      className="backToTop"
      onClick={[Function]}
      role="button"
    >
      ↑
    </div>
  </main>,
  <footer
    className="section"
  >
    <div
      className="container"
    >
      <section
        className="section"
      >
        <h2>
          About
        </h2>
        <p>
          Based on "Ordbok Öfver svenska medeltids-språket" by K.F Söderwall.
        </p>
        <p>
          It is the largest Old Swedish dictionary. The original volumes were published in 1884 - 1918, with additional supplement added in 1953 - 1973.
        </p>
      </section>
      <section
        className="section"
      >
        <h4>
          Old Swedish language
        </h4>
        <p>
          Old Swedish developed from Old East Norse, the eastern dialect of Old Norse, at the end of the Viking Age.
        </p>
        <p>
          Early Old Swedish was spoken from about 1225 until about 1375, and Late Old Swedish was spoken from about 1375 until about 1526.
        </p>
        <p>
          Also known as "Medieval Swedish", or "Fornsvenska" in modern Swedish
        </p>
      </section>
      <section
        className="section"
      >
        <h4>
          Old Norse language
        </h4>
        <p>
          Old Norse was a North Germanic language that was spoken by inhabitants of Scandinavia and their overseas settlements from about the 7th to the 15th centuries.
        </p>
        <p>
          Also known as "the viking language", "Old Nordic", or "Old Scandinavian"
        </p>
      </section>
      <div
        className="navs"
      >
        <nav
          className="nav"
        >
          <h4
            className="navTitle"
          >
            Dictionary project
          </h4>
          <ul>
            <li>
              <a
                href="https://github.com/stscoundrel/old-swedish-dictionary-next"
                rel="noopener noreferrer"
                target="_blank"
              >
                Source code
              </a>
            </li>
            <li>
              <a
                href="https://github.com/stscoundrel/old-swedish-dictionary"
                rel="noopener noreferrer"
                target="_blank"
              >
                Data source
              </a>
            </li>
            <li>
              <a
                href="https://github.com/stscoundrel/old-swedish-dictionary-builder"
                rel="noopener noreferrer"
                target="_blank"
              >
                Data source builder
              </a>
            </li>
          </ul>
        </nav>
        <nav
          className="nav"
        >
          <h4
            className="navTitle"
          >
            Related dictionary projects
          </h4>
          <ul>
            <li>
              <a
                href="https://old-norwegian-dictionary.vercel.app/"
                rel="noopener noreferrer"
                target="_blank"
              >
                Dictionary of the Old Norwegian Language
              </a>
            </li>
            <li>
              <a
                href="https://cleasby-vigfusson-dictionary.vercel.app/"
                rel="noopener noreferrer"
                target="_blank"
              >
                Cleasby and Vigfusson Old Norse Dictionary
              </a>
            </li>
            <li>
              <a
                href="https://old-icelandic.vercel.app/"
                rel="noopener noreferrer"
                target="_blank"
              >
                A Concise Dictionary of Old Icelandic
              </a>
            </li>
          </ul>
        </nav>
        <nav
          className="nav"
        >
          <h4
            className="navTitle"
          >
            Quick links
          </h4>
          <ul
            className="navColumns"
          >
            <li
              className="navColumnItem"
            >
              <a
                href="/letter/a"
                onClick={[Function]}
                onMouseEnter={[Function]}
                onTouchStart={[Function]}
              >
                a
              </a>
            </li>
            <li
              className="navColumnItem"
            >
              <a
                href="/letter/b"
                onClick={[Function]}
                onMouseEnter={[Function]}
                onTouchStart={[Function]}
              >
                b
              </a>
            </li>
            <li
              className="navColumnItem"
            >
              <a
                href="/letter/c"
                onClick={[Function]}
                onMouseEnter={[Function]}
                onTouchStart={[Function]}
              >
                c
              </a>
            </li>
            <li
              className="navColumnItem"
            >
              <a
                href="/letter/d"
                onClick={[Function]}
                onMouseEnter={[Function]}
                onTouchStart={[Function]}
              >
                d
              </a>
            </li>
            <li
              className="navColumnItem"
            >
              <a
                href="/letter/e"
                onClick={[Function]}
                onMouseEnter={[Function]}
                onTouchStart={[Function]}
              >
                e
              </a>
            </li>
            <li
              className="navColumnItem"
            >
              <a
                href="/letter/f"
                onClick={[Function]}
                onMouseEnter={[Function]}
                onTouchStart={[Function]}
              >
                f
              </a>
            </li>
            <li
              className="navColumnItem"
            >
              <a
                href="/letter/g"
                onClick={[Function]}
                onMouseEnter={[Function]}
                onTouchStart={[Function]}
              >
                g
              </a>
            </li>
            <li
              className="navColumnItem"
            >
              <a
                href="/letter/h"
                onClick={[Function]}
                onMouseEnter={[Function]}
                onTouchStart={[Function]}
              >
                h
              </a>
            </li>
            <li
              className="navColumnItem"
            >
              <a
                href="/letter/i"
                onClick={[Function]}
                onMouseEnter={[Function]}
                onTouchStart={[Function]}
              >
                i
              </a>
            </li>
            <li
              className="navColumnItem"
            >
              <a
                href="/letter/j"
                onClick={[Function]}
                onMouseEnter={[Function]}
                onTouchStart={[Function]}
              >
                j
              </a>
            </li>
            <li
              className="navColumnItem"
            >
              <a
                href="/letter/k"
                onClick={[Function]}
                onMouseEnter={[Function]}
                onTouchStart={[Function]}
              >
                k
              </a>
            </li>
            <li
              className="navColumnItem"
            >
              <a
                href="/letter/l"
                onClick={[Function]}
                onMouseEnter={[Function]}
                onTouchStart={[Function]}
              >
                l
              </a>
            </li>
            <li
              className="navColumnItem"
            >
              <a
                href="/letter/m"
                onClick={[Function]}
                onMouseEnter={[Function]}
                onTouchStart={[Function]}
              >
                m
              </a>
            </li>
            <li
              className="navColumnItem"
            >
              <a
                href="/letter/n"
                onClick={[Function]}
                onMouseEnter={[Function]}
                onTouchStart={[Function]}
              >
                n
              </a>
            </li>
            <li
              className="navColumnItem"
            >
              <a
                href="/letter/o"
                onClick={[Function]}
                onMouseEnter={[Function]}
                onTouchStart={[Function]}
              >
                o
              </a>
            </li>
            <li
              className="navColumnItem"
            >
              <a
                href="/letter/p"
                onClick={[Function]}
                onMouseEnter={[Function]}
                onTouchStart={[Function]}
              >
                p
              </a>
            </li>
            <li
              className="navColumnItem"
            >
              <a
                href="/letter/q"
                onClick={[Function]}
                onMouseEnter={[Function]}
                onTouchStart={[Function]}
              >
                q
              </a>
            </li>
            <li
              className="navColumnItem"
            >
              <a
                href="/letter/r"
                onClick={[Function]}
                onMouseEnter={[Function]}
                onTouchStart={[Function]}
              >
                r
              </a>
            </li>
            <li
              className="navColumnItem"
            >
              <a
                href="/letter/s"
                onClick={[Function]}
                onMouseEnter={[Function]}
                onTouchStart={[Function]}
              >
                s
              </a>
            </li>
            <li
              className="navColumnItem"
            >
              <a
                href="/letter/t"
                onClick={[Function]}
                onMouseEnter={[Function]}
                onTouchStart={[Function]}
              >
                t
              </a>
            </li>
            <li
              className="navColumnItem"
            >
              <a
                href="/letter/u"
                onClick={[Function]}
                onMouseEnter={[Function]}
                onTouchStart={[Function]}
              >
                u
              </a>
            </li>
            <li
              className="navColumnItem"
            >
              <a
                href="/letter/v"
                onClick={[Function]}
                onMouseEnter={[Function]}
                onTouchStart={[Function]}
              >
                v
              </a>
            </li>
            <li
              className="navColumnItem"
            >
              <a
                href="/letter/y"
                onClick={[Function]}
                onMouseEnter={[Function]}
                onTouchStart={[Function]}
              >
                y
              </a>
            </li>
            <li
              className="navColumnItem"
            >
              <a
                href="/letter/ae"
                onClick={[Function]}
                onMouseEnter={[Function]}
                onTouchStart={[Function]}
              >
                ä
              </a>
            </li>
            <li
              className="navColumnItem"
            >
              <a
                href="/letter/oe"
                onClick={[Function]}
                onMouseEnter={[Function]}
                onTouchStart={[Function]}
              >
                ö
              </a>
            </li>
            <li
              className="navColumnItem"
            >
              <a
                href="/letter/th"
                onClick={[Function]}
                onMouseEnter={[Function]}
                onTouchStart={[Function]}
              >
                þ
              </a>
            </li>
          </ul>
        </nav>
      </div>
      <small
        className="copyright"
      >
        Copyright © 2022 - 2021
        <br />
        <a
          href="https://github.com/stscoundrel"
          rel="noopener noreferrer"
          target="_blank"
        >
          Sampo Silvennoinen / StScoundrel
        </a>
      </small>
    </div>
  </footer>,
]
`;
