// Jest Snapshot v1, https://goo.gl/fbAQLP

exports[`Navigation component Matches snapshot 1`] = `
Array [
  <div
    className="topBarSpacer"
  />,
  <nav
    className="section"
  >
    <div
      className="topbar container"
    >
      <img
        alt="To home"
        data-nimg="1"
        decoding="async"
        height={30}
        href="/"
        loading="lazy"
        onClick={[Function]}
        onError={[Function]}
        onLoad={[Function]}
        onMouseEnter={[Function]}
        onTouchStart={[Function]}
        src="/_next/image?url=%2Ffavicon-48x48.png&w=64&q=75"
        srcSet="/_next/image?url=%2Ffavicon-48x48.png&w=32&q=75 1x, /_next/image?url=%2Ffavicon-48x48.png&w=64&q=75 2x"
        style={
          Object {
            "color": "transparent",
          }
        }
        width={30}
      />
      <div
        aria-label="Open menu"
        className="hamburger"
        onClick={[Function]}
        role="button"
      >
        <span
          className="part"
        />
        <span
          className="part"
        />
        <span
          className="part"
        />
      </div>
    </div>
    <div
      className="content null container"
    >
      <ul
        className="list"
      >
        <li
          className="listItem"
        >
          <a
            href="/letter/a"
            onClick={[Function]}
            onMouseEnter={[Function]}
            onTouchStart={[Function]}
          >
            a
          </a>
        </li>
        <li
          className="listItem"
        >
          <a
            href="/letter/b"
            onClick={[Function]}
            onMouseEnter={[Function]}
            onTouchStart={[Function]}
          >
            b
          </a>
        </li>
        <li
          className="listItem"
        >
          <a
            href="/letter/c"
            onClick={[Function]}
            onMouseEnter={[Function]}
            onTouchStart={[Function]}
          >
            c
          </a>
        </li>
        <li
          className="listItem"
        >
          <a
            href="/letter/d"
            onClick={[Function]}
            onMouseEnter={[Function]}
            onTouchStart={[Function]}
          >
            d
          </a>
        </li>
        <li
          className="listItem"
        >
          <a
            href="/letter/e"
            onClick={[Function]}
            onMouseEnter={[Function]}
            onTouchStart={[Function]}
          >
            e
          </a>
        </li>
        <li
          className="listItem"
        >
          <a
            href="/letter/f"
            onClick={[Function]}
            onMouseEnter={[Function]}
            onTouchStart={[Function]}
          >
            f
          </a>
        </li>
        <li
          className="listItem"
        >
          <a
            href="/letter/g"
            onClick={[Function]}
            onMouseEnter={[Function]}
            onTouchStart={[Function]}
          >
            g
          </a>
        </li>
        <li
          className="listItem"
        >
          <a
            href="/letter/h"
            onClick={[Function]}
            onMouseEnter={[Function]}
            onTouchStart={[Function]}
          >
            h
          </a>
        </li>
        <li
          className="listItem"
        >
          <a
            href="/letter/i"
            onClick={[Function]}
            onMouseEnter={[Function]}
            onTouchStart={[Function]}
          >
            i
          </a>
        </li>
        <li
          className="listItem"
        >
          <a
            href="/letter/j"
            onClick={[Function]}
            onMouseEnter={[Function]}
            onTouchStart={[Function]}
          >
            j
          </a>
        </li>
        <li
          className="listItem"
        >
          <a
            href="/letter/k"
            onClick={[Function]}
            onMouseEnter={[Function]}
            onTouchStart={[Function]}
          >
            k
          </a>
        </li>
        <li
          className="listItem"
        >
          <a
            href="/letter/l"
            onClick={[Function]}
            onMouseEnter={[Function]}
            onTouchStart={[Function]}
          >
            l
          </a>
        </li>
        <li
          className="listItem"
        >
          <a
            href="/letter/m"
            onClick={[Function]}
            onMouseEnter={[Function]}
            onTouchStart={[Function]}
          >
            m
          </a>
        </li>
        <li
          className="listItem"
        >
          <a
            href="/letter/n"
            onClick={[Function]}
            onMouseEnter={[Function]}
            onTouchStart={[Function]}
          >
            n
          </a>
        </li>
        <li
          className="listItem"
        >
          <a
            href="/letter/o"
            onClick={[Function]}
            onMouseEnter={[Function]}
            onTouchStart={[Function]}
          >
            o
          </a>
        </li>
        <li
          className="listItem"
        >
          <a
            href="/letter/p"
            onClick={[Function]}
            onMouseEnter={[Function]}
            onTouchStart={[Function]}
          >
            p
          </a>
        </li>
        <li
          className="listItem"
        >
          <a
            href="/letter/q"
            onClick={[Function]}
            onMouseEnter={[Function]}
            onTouchStart={[Function]}
          >
            q
          </a>
        </li>
        <li
          className="listItem"
        >
          <a
            href="/letter/r"
            onClick={[Function]}
            onMouseEnter={[Function]}
            onTouchStart={[Function]}
          >
            r
          </a>
        </li>
        <li
          className="listItem"
        >
          <a
            href="/letter/s"
            onClick={[Function]}
            onMouseEnter={[Function]}
            onTouchStart={[Function]}
          >
            s
          </a>
        </li>
        <li
          className="listItem"
        >
          <a
            href="/letter/t"
            onClick={[Function]}
            onMouseEnter={[Function]}
            onTouchStart={[Function]}
          >
            t
          </a>
        </li>
        <li
          className="listItem"
        >
          <a
            href="/letter/u"
            onClick={[Function]}
            onMouseEnter={[Function]}
            onTouchStart={[Function]}
          >
            u
          </a>
        </li>
        <li
          className="listItem"
        >
          <a
            href="/letter/v"
            onClick={[Function]}
            onMouseEnter={[Function]}
            onTouchStart={[Function]}
          >
            v
          </a>
        </li>
        <li
          className="listItem"
        >
          <a
            href="/letter/y"
            onClick={[Function]}
            onMouseEnter={[Function]}
            onTouchStart={[Function]}
          >
            y
          </a>
        </li>
        <li
          className="listItem"
        >
          <a
            href="/letter/ae"
            onClick={[Function]}
            onMouseEnter={[Function]}
            onTouchStart={[Function]}
          >
            ä
          </a>
        </li>
        <li
          className="listItem"
        >
          <a
            href="/letter/oe"
            onClick={[Function]}
            onMouseEnter={[Function]}
            onTouchStart={[Function]}
          >
            ö
          </a>
        </li>
        <li
          className="listItem"
        >
          <a
            href="/letter/th"
            onClick={[Function]}
            onMouseEnter={[Function]}
            onTouchStart={[Function]}
          >
            þ
          </a>
        </li>
      </ul>
      <form
        className="form"
        onSubmit={[Function]}
      >
        <input
          aria-label="Search"
          className="input"
          name="search"
          onChange={[Function]}
          type="search"
          value=""
        />
        <button
          className="button button--secondary button--no-margs"
          name="submit"
          type="submit"
        >
          Search
        </button>
      </form>
    </div>
  </nav>,
]
`;
