// Jest Snapshot v1, https://goo.gl/fbAQLP

exports[`SearchResults component Matches snapshot 1`] = `
[
  <p
    className="blue"
  >
    3
     results found
  </p>,
  <ul
    className="list"
  >
    <li>
      <div
        className="result"
      >
        <a
          className="link"
          href="/word/afkora"
          onClick={[Function]}
          onMouseEnter={[Function]}
          onTouchStart={[Function]}
        >
          afköra
        </a>
        <ul>
          <li
            className="foundIn"
            dangerouslySetInnerHTML={
              {
                "__html": " , vräka. hafwi wald han <mark>afköra</mark>  GS 43 (1416?). af ty ahren (för areno) han landboen afkörer ib.",
              }
            }
          />
        </ul>
      </div>
    </li>
    <li>
      <div
        className="result"
      >
        <a
          className="link"
          href="/word/afkora"
          onClick={[Function]}
          onMouseEnter={[Function]}
          onTouchStart={[Function]}
        >
          afköra 2
        </a>
        <ul>
          <li
            className="foundIn"
            dangerouslySetInnerHTML={
              {
                "__html": " , vräka. hafwi wald han <mark>afköra</mark>  GS 43 (1416?). af ty ahren (för areno) han landboen afkörer ib.",
              }
            }
          />
        </ul>
      </div>
    </li>
    <li>
      <div
        className="result"
      >
        <a
          className="link"
          href="/word/afkora"
          onClick={[Function]}
          onMouseEnter={[Function]}
          onTouchStart={[Function]}
        >
          afköra 3
        </a>
        <ul>
          <li
            className="foundIn"
            dangerouslySetInnerHTML={
              {
                "__html": " , vräka. hafwi wald han <mark>afköra</mark>  GS 43 (1416?). af ty ahren (för areno) han landboen afkörer ib.",
              }
            }
          />
        </ul>
      </div>
    </li>
  </ul>,
]
`;
